// Jest Snapshot v1, https://goo.gl/fbAQLP

exports[`Puebas en  FirstApp.jsx debe de mhacer match con el snapshot 1`] = `
<div>
  <h1
    data-testid="test-title"
  >
    Soy Aaron
  </h1>
  <p>
    Soy un subtitulo
  </p>
  <p>
    Soy un subtitulo
  </p>
  <p>
    Fernando Herrera
  </p>
</div>
`;
